Microchip MPLAB XC8 Compiler V1.38 ()

Linker command line:

-W-3 --edf=C:\Program Files (x86)\Microchip\xc8\v1.38\dat\en_msgs.txt -cs \
  -h+dist/default/production\develop.X.production.sym \
  --cmf=dist/default/production\develop.X.production.cmf -z -Q16F1937 \
  -oC:\Users\ic151206\AppData\Local\Temp\s72c.2 \
  -Mdist/default/production/develop.X.production.map -E1 -ver=XC8 \
  -ASTACK=0204Bh-021efh -pstack=STACK -ACODE=00h-07FFhx4 \
  -ASTRCODE=00h-01FFFh -ASTRING=00h-0FFhx32 -ACONST=00h-0FFhx32 \
  -AENTRY=00h-0FFhx32 -ACOMMON=070h-07Fh -ABANK0=020h-06Fh \
  -ABANK1=0A0h-0EFh -ABANK2=0120h-016Fh -ABANK3=01A0h-01EFh \
  -ABANK4=0220h-026Fh -ABANK5=02A0h-02EFh -ABANK6=0320h-032Fh \
  -ABIGRAM=02000h-021EFh \
  -ARAM=020h-06Fh,0A0h-0EFh,0120h-016Fh,01A0h-01EFh,0220h-026Fh,02A0h-02EFh,0320h-032Fh \
  -AABS1=020h-07Fh,0A0h-0EFh,0120h-016Fh,01A0h-01EFh,0220h-026Fh,02A0h-02EFh,0320h-032Fh \
  -ASFR0=00h-01Fh -ASFR1=080h-09Fh -ASFR2=0100h-011Fh -ASFR3=0180h-019Fh \
  -ASFR4=0200h-021Fh -ASFR5=0280h-029Fh -ASFR6=0300h-031Fh \
  -ASFR7=0380h-03EFh -ASFR8=0400h-046Fh -ASFR9=0480h-04EFh \
  -ASFR10=0500h-056Fh -ASFR11=0580h-05EFh -ASFR12=0600h-066Fh \
  -ASFR13=0680h-06EFh -ASFR14=0700h-076Fh -ASFR15=0780h-07EFh \
  -ASFR16=0800h-086Fh -ASFR17=0880h-08EFh -ASFR18=0900h-096Fh \
  -ASFR19=0980h-09EFh -ASFR20=0A00h-0A6Fh -ASFR21=0A80h-0AEFh \
  -ASFR22=0B00h-0B6Fh -ASFR23=0B80h-0BEFh -ASFR24=0C00h-0C6Fh \
  -ASFR25=0C80h-0CEFh -ASFR26=0D00h-0D6Fh -ASFR27=0D80h-0DEFh \
  -ASFR28=0E00h-0E6Fh -ASFR29=0E80h-0EEFh -ASFR30=0F00h-0F6Fh \
  -ASFR31=0F80h-0FEFh -preset_vec=00h,intentry,init,end_init -ppowerup=CODE \
  -pcinit=CODE -pfunctab=CODE -ACONFIG=08007h-08008h -pconfig=CONFIG \
  -DCONFIG=2 -AIDLOC=08000h-08003h -pidloc=IDLOC -DIDLOC=2 \
  -AEEDATA=00h-0FFh/0F000h -peeprom_data=EEDATA -DEEDATA=2 -DCODE=2 \
  -DSTRCODE=2 -DSTRING=2 -DCONST=2 -DENTRY=2 -k \
  C:\Users\ic151206\AppData\Local\Temp\s72c.obj \
  dist/default/production\develop.X.production.obj 

Object code version is 3.11

Machine type is 16F1937



                Name                               Link     Load   Length Selector   Space Scale
C:\Users\ic151206\AppData\Local\Temp\s72c.obj
                end_init                              2        2        2        0       0
                reset_vec                             0        0        2        0       0
                config                             8007     8007        2    1000E       0
dist/default/production\develop.X.production.obj
                cinit                               7EE      7EE       12      FDC       0
                text26                              4B4      4B4       45      968       0
                text25                              4F9      4F9       64      9F2       0
                text24                              38C      38C       22      718       0
                text23                              5E4      5E4       A9      BC8       0
                text22                              73A      73A       B4      E74       0
                text21                              55D      55D       87      ABA       0
                text20                              3AE      3AE       2F      75C       0
                text19                              478      478       3C      8F0       0
                text18                              43E      43E       3A      87C       0
                text17                              361      361        9      6C2       0
                text16                              339      339        8      672       0
                text15                              341      341        8      682       0
                text14                              37D      37D        F      6FA       0
                text13                              349      349        8      692       0
                text12                              311      311        4      622       0
                text11                              324      324        7      648       0
                text10                              32B      32B        7      656       0
                text9                               31E      31E        6      63C       0
                text8                               332      332        7      664       0
                text7                               351      351        8      6A2       0
                text6                               319      319        5      632       0
                text5                               36A      36A        9      6D4       0
                text4                               359      359        8      6B2       0
                swtext2                               4        4       14        8       0
                text3                               40C      40C       32      818       0
                text2                               373      373        A      6E6       0
                swtext1                              18       18       10        8       0
                text1                               3DD      3DD       2F      7BA       0
                maintext                            68D      68D       AD      D1A       0
                cstackBANK0                          20       20       47       20       1
                cstackCOMMON                         70       70        E       70       1
                dataBANK0                            67       67        4       20       1
                idataBANK0                          315      315        4      62A       0

TOTAL           Name                               Link     Load   Length     Space
        CLASS   STACK          

        CLASS   CODE           
                end_init                              2        2        2         0
                cinit                               7EE      7EE       12         0
                reset_vec                             0        0        2         0
                text26                              4B4      4B4       45         0
                text25                              4F9      4F9       64         0
                text24                              38C      38C       22         0
                text23                              5E4      5E4       A9         0
                text22                              73A      73A       B4         0
                text21                              55D      55D       87         0
                text20                              3AE      3AE       2F         0
                text19                              478      478       3C         0
                text18                              43E      43E       3A         0
                text17                              361      361        9         0
                text16                              339      339        8         0
                text15                              341      341        8         0
                text14                              37D      37D        F         0
                text13                              349      349        8         0
                text12                              311      311        4         0
                text11                              324      324        7         0
                text10                              32B      32B        7         0
                text9                               31E      31E        6         0
                text8                               332      332        7         0
                text7                               351      351        8         0
                text6                               319      319        5         0
                text5                               36A      36A        9         0
                text4                               359      359        8         0
                text3                               40C      40C       32         0
                text2                               373      373        A         0
                text1                               3DD      3DD       2F         0
                maintext                            68D      68D       AD         0
                idataBANK0                          315      315        4         0

        CLASS   STRCODE        

        CLASS   STRING         

        CLASS   CONST          
                swtext2                               4        4       14         0
                swtext1                              18       18       10         0

        CLASS   ENTRY          

        CLASS   COMMON         
                cstackCOMMON                         70       70        E         1

        CLASS   BANK0          
                cstackBANK0                          20       20       47         1
                dataBANK0                            67       67        4         1

        CLASS   BANK1          

        CLASS   BANK2          

        CLASS   BANK3          

        CLASS   BANK4          

        CLASS   BANK5          

        CLASS   BANK6          

        CLASS   BIGRAM         

        CLASS   RAM            

        CLASS   ABS1           
                abs_s1                               7E       7E        2         1

        CLASS   SFR0           

        CLASS   SFR1           

        CLASS   SFR2           

        CLASS   SFR3           

        CLASS   SFR4           

        CLASS   SFR5           

        CLASS   SFR6           

        CLASS   SFR7           

        CLASS   SFR8           

        CLASS   SFR9           

        CLASS   SFR10          

        CLASS   SFR11          

        CLASS   SFR12          

        CLASS   SFR13          

        CLASS   SFR14          

        CLASS   SFR15          

        CLASS   SFR16          

        CLASS   SFR17          

        CLASS   SFR18          

        CLASS   SFR19          

        CLASS   SFR20          

        CLASS   SFR21          

        CLASS   SFR22          

        CLASS   SFR23          

        CLASS   SFR24          

        CLASS   SFR25          

        CLASS   SFR26          

        CLASS   SFR27          

        CLASS   SFR28          

        CLASS   SFR29          

        CLASS   SFR30          

        CLASS   SFR31          

        CLASS   CONFIG         
                config                             8007     8007        2         0

        CLASS   IDLOC          

        CLASS   EEDATA         

        CLASS   BANK31         

        CLASS   BANK30         

        CLASS   BANK29         

        CLASS   BANK28         

        CLASS   BANK27         

        CLASS   BANK26         

        CLASS   BANK25         

        CLASS   BANK24         

        CLASS   BANK23         

        CLASS   BANK22         

        CLASS   BANK21         

        CLASS   BANK20         

        CLASS   BANK19         

        CLASS   BANK18         

        CLASS   BANK17         

        CLASS   BANK16         

        CLASS   BANK15         

        CLASS   BANK14         

        CLASS   BANK13         

        CLASS   BANK12         

        CLASS   BANK11         

        CLASS   BANK10         

        CLASS   BANK9          

        CLASS   BANK8          

        CLASS   BANK7          



SEGMENTS        Name                           Load    Length   Top    Selector   Space  Class     Delta

                reset_vec                      000000  000004  000004         0       0  CODE        2
                swtext2                        000004  000024  000028         8       0  CONST       2
                cstackBANK0                    000020  00004B  00006B        20       1  BANK0       1
                cstackCOMMON                   000070  00000E  00007E        70       1  COMMON      1
                text12                         000311  000004  000315       622       0  CODE        2
                idataBANK0                     000315  000004  000319       62A       0  CODE        2
                text6                          000319  000005  00031E       632       0  CODE        2
                text9                          00031E  000006  000324       63C       0  CODE        2
                text11                         000324  000007  00032B       648       0  CODE        2
                text10                         00032B  000007  000332       656       0  CODE        2
                text8                          000332  000007  000339       664       0  CODE        2
                text16                         000339  000008  000341       672       0  CODE        2
                text15                         000341  000008  000349       682       0  CODE        2
                text13                         000349  000008  000351       692       0  CODE        2
                text7                          000351  000008  000359       6A2       0  CODE        2
                text4                          000359  000008  000361       6B2       0  CODE        2
                text17                         000361  000009  00036A       6C2       0  CODE        2
                text5                          00036A  000009  000373       6D4       0  CODE        2
                text2                          000373  00000A  00037D       6E6       0  CODE        2
                text14                         00037D  00000F  00038C       6FA       0  CODE        2
                text24                         00038C  000022  0003AE       718       0  CODE        2
                text20                         0003AE  00002F  0003DD       75C       0  CODE        2
                text1                          0003DD  00002F  00040C       7BA       0  CODE        2
                text3                          00040C  000032  00043E       818       0  CODE        2
                text18                         00043E  00003A  000478       87C       0  CODE        2
                text19                         000478  00003C  0004B4       8F0       0  CODE        2
                text26                         0004B4  000045  0004F9       968       0  CODE        2
                text25                         0004F9  000064  00055D       9F2       0  CODE        2
                text21                         00055D  000087  0005E4       ABA       0  CODE        2
                text23                         0005E4  0000A9  00068D       BC8       0  CODE        2
                maintext                       00068D  0000AD  00073A       D1A       0  CODE        2
                text22                         00073A  0000B4  0007EE       E74       0  CODE        2
                cinit                          0007EE  000012  000800       FDC       0  CODE        2
                config                         008007  000002  008009     1000E       0  CONFIG      2


UNUSED ADDRESS RANGES

        Name                Unused          Largest block    Delta
        BANK0            0006B-0006F               5           1
        BANK1            000A0-000EF              50           1
        BANK2            00120-0016F              50           1
        BANK3            001A0-001EF              50           1
        BANK4            00220-0026F              50           1
        BANK5            002A0-002EF              50           1
        BANK6            00320-0032F              10           1
        BIGRAM           02000-021EF             1F0           1
        CODE             00028-00310             2E9           2
                         00800-01FFF             800
        CONST            00028-00310             100           2
                         00800-01FFF             100
        EEDATA           0F000-0F0FF             100           2
        ENTRY            00028-00310             100           2
                         00800-01FFF             100
        IDLOC            08000-08003               4           2
        RAM              0006B-0006F               5           1
                         000A0-000EF              50
                         00120-0016F              50
                         001A0-001EF              50
                         00220-0026F              50
                         002A0-002EF              50
                         00320-0032F              10
        SFR0             00000-0001F              20           1
        SFR1             00080-0009F              20           1
        SFR10            00500-0056F              70           1
        SFR11            00580-005EF              70           1
        SFR12            00600-0066F              70           1
        SFR13            00680-006EF              70           1
        SFR14            00700-0076F              70           1
        SFR15            00780-007EF              70           1
        SFR16            00800-0086F              70           1
        SFR17            00880-008EF              70           1
        SFR18            00900-0096F              70           1
        SFR19            00980-009EF              70           1
        SFR2             00100-0011F              20           1
        SFR20            00A00-00A6F              70           1
        SFR21            00A80-00AEF              70           1
        SFR22            00B00-00B6F              70           1
        SFR23            00B80-00BEF              70           1
        SFR24            00C00-00C6F              70           1
        SFR25            00C80-00CEF              70           1
        SFR26            00D00-00D6F              70           1
        SFR27            00D80-00DEF              70           1
        SFR28            00E00-00E6F              70           1
        SFR29            00E80-00EEF              70           1
        SFR3             00180-0019F              20           1
        SFR30            00F00-00F6F              70           1
        SFR31            00F80-00FEF              70           1
        SFR4             00200-0021F              20           1
        SFR5             00280-0029F              20           1
        SFR6             00300-0031F              20           1
        SFR7             00380-003EF              70           1
        SFR8             00400-0046F              70           1
        SFR9             00480-004EF              70           1
        STACK            0204B-021EF             1A5           1
        STRCODE          00028-00310             2E9           2
                         00800-01FFF            1800
        STRING           00028-00310             100           2
                         00800-01FFF             100

                                  Symbol Table

?___awmod                cstackCOMMON 00070
?___awtoft               cstackBANK0  00025
?___ftdiv                cstackBANK0  0003B
?___ftmul                cstackBANK0  0002B
?___ftpack               cstackCOMMON 00070
?___fttol                cstackBANK0  0004B
?___lmul                 cstackCOMMON 00070
?_get_rand               cstackBANK0  00059
?_rand                   cstackCOMMON 0007C
_LATA2                   (abs)        00862
_LATA3                   (abs)        00863
_LATB1                   (abs)        00869
_LATB2                   (abs)        0086A
_LATB3                   (abs)        0086B
_LATB4                   (abs)        0086C
_LATB5                   (abs)        0086D
_LATB6                   (abs)        0086E
_LATB7                   (abs)        0086F
_LATD0                   (abs)        00878
_LATD1                   (abs)        00879
_LATD2                   (abs)        0087A
_LATD3                   (abs)        0087B
_LATD4                   (abs)        0087C
_LATD5                   (abs)        0087D
_LATD6                   (abs)        0087E
_LATD7                   (abs)        0087F
_RC0                     (abs)        00070
_RC1                     (abs)        00071
_TRISA2                  (abs)        00462
_TRISA3                  (abs)        00463
_TRISB                   (abs)        0008D
_TRISC0                  (abs)        00470
_TRISC1                  (abs)        00471
_TRISD                   (abs)        0008F
__CFG_BOREN$ON           (abs)        00000
__CFG_BORV$LO            (abs)        00000
__CFG_CLKOUTEN$OFF       (abs)        00000
__CFG_CP$OFF             (abs)        00000
__CFG_CPD$OFF            (abs)        00000
__CFG_FCMEN$ON           (abs)        00000
__CFG_FOSC$HS            (abs)        00000
__CFG_IESO$ON            (abs)        00000
__CFG_LVP$ON             (abs)        00000
__CFG_MCLRE$ON           (abs)        00000
__CFG_PLLEN$OFF          (abs)        00000
__CFG_PWRTE$OFF          (abs)        00000
__CFG_STVREN$ON          (abs)        00000
__CFG_VCAPEN$OFF         (abs)        00000
__CFG_WDTE$OFF           (abs)        00000
__CFG_WRT$OFF            (abs)        00000
__Habs1                  abs1         00000
__Hbank0                 bank0        00000
__Hbank1                 bank1        00000
__Hbank10                bank10       00000
__Hbank11                bank11       00000
__Hbank12                bank12       00000
__Hbank13                bank13       00000
__Hbank14                bank14       00000
__Hbank15                bank15       00000
__Hbank16                bank16       00000
__Hbank17                bank17       00000
__Hbank18                bank18       00000
__Hbank19                bank19       00000
__Hbank2                 bank2        00000
__Hbank20                bank20       00000
__Hbank21                bank21       00000
__Hbank22                bank22       00000
__Hbank23                bank23       00000
__Hbank24                bank24       00000
__Hbank25                bank25       00000
__Hbank26                bank26       00000
__Hbank27                bank27       00000
__Hbank28                bank28       00000
__Hbank29                bank29       00000
__Hbank3                 bank3        00000
__Hbank30                bank30       00000
__Hbank31                bank31       00000
__Hbank4                 bank4        00000
__Hbank5                 bank5        00000
__Hbank6                 bank6        00000
__Hbank7                 bank7        00000
__Hbank8                 bank8        00000
__Hbank9                 bank9        00000
__Hbigram                bigram       00000
__Hcinit                 cinit        00800
__Hclrtext               clrtext      00000
__Hcode                  code         00000
__Hcommon                common       00000
__Hconfig                config       08009
__HcstackBANK0           cstackBANK0  00000
__HcstackCOMMON          cstackCOMMON 00000
__HdataBANK0             dataBANK0    00000
__Heeprom_data           eeprom_data  00000
__Hend_init              end_init     00004
__Hfunctab               functab      00000
__HidataBANK0            idataBANK0   00000
__Hidloc                 idloc        00000
__Hinit                  init         00002
__Hintentry              intentry     00002
__Hmaintext              maintext     00000
__Hpowerup               powerup      00000
__Hram                   ram          00000
__Hreset_vec             reset_vec    00002
__Hsfr0                  sfr0         00000
__Hsfr1                  sfr1         00000
__Hsfr10                 sfr10        00000
__Hsfr11                 sfr11        00000
__Hsfr12                 sfr12        00000
__Hsfr13                 sfr13        00000
__Hsfr14                 sfr14        00000
__Hsfr15                 sfr15        00000
__Hsfr16                 sfr16        00000
__Hsfr17                 sfr17        00000
__Hsfr18                 sfr18        00000
__Hsfr19                 sfr19        00000
__Hsfr2                  sfr2         00000
__Hsfr20                 sfr20        00000
__Hsfr21                 sfr21        00000
__Hsfr22                 sfr22        00000
__Hsfr23                 sfr23        00000
__Hsfr24                 sfr24        00000
__Hsfr25                 sfr25        00000
__Hsfr26                 sfr26        00000
__Hsfr27                 sfr27        00000
__Hsfr28                 sfr28        00000
__Hsfr29                 sfr29        00000
__Hsfr3                  sfr3         00000
__Hsfr30                 sfr30        00000
__Hsfr31                 sfr31        00000
__Hsfr4                  sfr4         00000
__Hsfr5                  sfr5         00000
__Hsfr6                  sfr6         00000
__Hsfr7                  sfr7         00000
__Hsfr8                  sfr8         00000
__Hsfr9                  sfr9         00000
__Hspace_0               (abs)        08009
__Hspace_1               (abs)        0007E
__Hspace_2               (abs)        00000
__Hspace_3               (abs)        00000
__Hstack                 stack        00000
__Hstrings               strings      00000
__Htext                  text         00000
__Labs1                  abs1         00000
__Lbank0                 bank0        00000
__Lbank1                 bank1        00000
__Lbank10                bank10       00000
__Lbank11                bank11       00000
__Lbank12                bank12       00000
__Lbank13                bank13       00000
__Lbank14                bank14       00000
__Lbank15                bank15       00000
__Lbank16                bank16       00000
__Lbank17                bank17       00000
__Lbank18                bank18       00000
__Lbank19                bank19       00000
__Lbank2                 bank2        00000
__Lbank20                bank20       00000
__Lbank21                bank21       00000
__Lbank22                bank22       00000
__Lbank23                bank23       00000
__Lbank24                bank24       00000
__Lbank25                bank25       00000
__Lbank26                bank26       00000
__Lbank27                bank27       00000
__Lbank28                bank28       00000
__Lbank29                bank29       00000
__Lbank3                 bank3        00000
__Lbank30                bank30       00000
__Lbank31                bank31       00000
__Lbank4                 bank4        00000
__Lbank5                 bank5        00000
__Lbank6                 bank6        00000
__Lbank7                 bank7        00000
__Lbank8                 bank8        00000
__Lbank9                 bank9        00000
__Lbigram                bigram       00000
__Lcinit                 cinit        007EE
__Lclrtext               clrtext      00000
__Lcode                  code         00000
__Lcommon                common       00000
__Lconfig                config       08007
__LcstackBANK0           cstackBANK0  00000
__LcstackCOMMON          cstackCOMMON 00000
__LdataBANK0             dataBANK0    00000
__Leeprom_data           eeprom_data  00000
__Lend_init              end_init     00002
__Lfunctab               functab      00000
__LidataBANK0            idataBANK0   00000
__Lidloc                 idloc        00000
__Linit                  init         00002
__Lintentry              intentry     00002
__Lmaintext              maintext     00000
__Lpowerup               powerup      00000
__Lram                   ram          00000
__Lreset_vec             reset_vec    00000
__Lsfr0                  sfr0         00000
__Lsfr1                  sfr1         00000
__Lsfr10                 sfr10        00000
__Lsfr11                 sfr11        00000
__Lsfr12                 sfr12        00000
__Lsfr13                 sfr13        00000
__Lsfr14                 sfr14        00000
__Lsfr15                 sfr15        00000
__Lsfr16                 sfr16        00000
__Lsfr17                 sfr17        00000
__Lsfr18                 sfr18        00000
__Lsfr19                 sfr19        00000
__Lsfr2                  sfr2         00000
__Lsfr20                 sfr20        00000
__Lsfr21                 sfr21        00000
__Lsfr22                 sfr22        00000
__Lsfr23                 sfr23        00000
__Lsfr24                 sfr24        00000
__Lsfr25                 sfr25        00000
__Lsfr26                 sfr26        00000
__Lsfr27                 sfr27        00000
__Lsfr28                 sfr28        00000
__Lsfr29                 sfr29        00000
__Lsfr3                  sfr3         00000
__Lsfr30                 sfr30        00000
__Lsfr31                 sfr31        00000
__Lsfr4                  sfr4         00000
__Lsfr5                  sfr5         00000
__Lsfr6                  sfr6         00000
__Lsfr7                  sfr7         00000
__Lsfr8                  sfr8         00000
__Lsfr9                  sfr9         00000
__Lspace_0               (abs)        00000
__Lspace_1               (abs)        00000
__Lspace_2               (abs)        00000
__Lspace_3               (abs)        00000
__Lstack                 stack        00000
__Lstrings               strings      00000
__Ltext                  text         00000
__S0                     (abs)        08009
__S1                     (abs)        0007E
__S2                     (abs)        00000
__S3                     (abs)        00000
___awmod                 text26       004B4
___awmod@counter         cstackCOMMON 00075
___awmod@dividend        cstackCOMMON 00072
___awmod@divisor         cstackCOMMON 00070
___awmod@sign            cstackCOMMON 00076
___awtoft                text24       0038C
___awtoft@c              cstackBANK0  00025
___awtoft@sign           cstackBANK0  0002A
___ftdiv                 text23       005E4
___ftdiv@cntr            cstackBANK0  00045
___ftdiv@exp             cstackBANK0  00049
___ftdiv@f1              cstackBANK0  0003E
___ftdiv@f2              cstackBANK0  0003B
___ftdiv@f3              cstackBANK0  00046
___ftdiv@sign            cstackBANK0  0004A
___ftmul                 text22       0073A
___ftmul@cntr            cstackBANK0  00039
___ftmul@exp             cstackBANK0  00035
___ftmul@f1              cstackBANK0  0002B
___ftmul@f2              cstackBANK0  0002E
___ftmul@f3_as_product   cstackBANK0  00036
___ftmul@sign            cstackBANK0  0003A
___ftpack                text25       004F9
___ftpack@arg            cstackCOMMON 00070
___ftpack@exp            cstackCOMMON 00073
___ftpack@sign           cstackCOMMON 00074
___fttol                 text21       0055D
___fttol@exp1            cstackBANK0  00058
___fttol@f1              cstackBANK0  0004B
___fttol@lval            cstackBANK0  00054
___fttol@sign1           cstackBANK0  00053
___int_sp                stack        00000
___latbits               (abs)        00002
___lmul                  text20       003AE
___lmul@multiplicand     cstackCOMMON 00074
___lmul@multiplier       cstackCOMMON 00070
___lmul@product          cstackCOMMON 00078
___sp                    stack        00000
__end_of___awmod         text26       004F9
__end_of___awtoft        text24       003AE
__end_of___ftdiv         text23       0068D
__end_of___ftmul         text22       007EE
__end_of___ftpack        text25       0055D
__end_of___fttol         text21       005E4
__end_of___lmul          text20       003DD
__end_of__initialization cinit        007FD
__end_of_dark            text17       0036A
__end_of_get_rand        text18       00478
__end_of_init_LED        text2        0037D
__end_of_light_init      text14       0038C
__end_of_light_left      text16       00341
__end_of_light_right     text15       00349
__end_of_lit             text3        0043E
__end_of_lit_LED         text1        0040C
__end_of_main            maintext     0073A
__end_of_rand            text19       004B4
__end_of_seg7_0          text13       00351
__end_of_seg7_1          text12       00315
__end_of_seg7_2          text11       0032B
__end_of_seg7_3          text10       00332
__end_of_seg7_4          text9        00324
__end_of_seg7_5          text8        00339
__end_of_seg7_6          text7        00359
__end_of_seg7_7          text6        0031E
__end_of_seg7_8          text5        00373
__end_of_seg7_9          text4        00361
__initialization         cinit        007EE
__pcstackBANK0           cstackBANK0  00020
__pcstackCOMMON          cstackCOMMON 00070
__pdataBANK0             dataBANK0    00067
__pidataBANK0            idataBANK0   00315
__pmaintext              maintext     0068D
__pswtext1               swtext1      00018
__pswtext2               swtext2      00004
__ptext1                 text1        003DD
__ptext10                text10       0032B
__ptext11                text11       00324
__ptext12                text12       00311
__ptext13                text13       00349
__ptext14                text14       0037D
__ptext15                text15       00341
__ptext16                text16       00339
__ptext17                text17       00361
__ptext18                text18       0043E
__ptext19                text19       00478
__ptext2                 text2        00373
__ptext20                text20       003AE
__ptext21                text21       0055D
__ptext22                text22       0073A
__ptext23                text23       005E4
__ptext24                text24       0038C
__ptext25                text25       004F9
__ptext26                text26       004B4
__ptext3                 text3        0040C
__ptext4                 text4        00359
__ptext5                 text5        0036A
__ptext6                 text6        00319
__ptext7                 text7        00351
__ptext8                 text8        00332
__ptext9                 text9        0031E
__size_of___awmod        (abs)        00000
__size_of___awtoft       (abs)        00000
__size_of___ftdiv        (abs)        00000
__size_of___ftmul        (abs)        00000
__size_of___ftpack       (abs)        00000
__size_of___fttol        (abs)        00000
__size_of___lmul         (abs)        00000
__size_of_dark           (abs)        00000
__size_of_get_rand       (abs)        00000
__size_of_init_LED       (abs)        00000
__size_of_light_init     (abs)        00000
__size_of_light_left     (abs)        00000
__size_of_light_right    (abs)        00000
__size_of_lit            (abs)        00000
__size_of_lit_LED        (abs)        00000
__size_of_main           (abs)        00000
__size_of_rand           (abs)        00000
__size_of_seg7_0         (abs)        00000
__size_of_seg7_1         (abs)        00000
__size_of_seg7_2         (abs)        00000
__size_of_seg7_3         (abs)        00000
__size_of_seg7_4         (abs)        00000
__size_of_seg7_5         (abs)        00000
__size_of_seg7_6         (abs)        00000
__size_of_seg7_7         (abs)        00000
__size_of_seg7_8         (abs)        00000
__size_of_seg7_9         (abs)        00000
_dark                    text17       00361
_get_rand                text18       0043E
_init_LED                text2        00373
_light_init              text14       0037D
_light_left              text16       00339
_light_right             text15       00341
_lit                     text3        0040C
_lit_LED                 text1        003DD
_main                    maintext     0068D
_rand                    text19       00478
_randx                   dataBANK0    00067
_seg7_0                  text13       00349
_seg7_1                  text12       00311
_seg7_2                  text11       00324
_seg7_3                  text10       0032B
_seg7_4                  text9        0031E
_seg7_5                  text8        00332
_seg7_6                  text7        00351
_seg7_7                  text6        00319
_seg7_8                  text5        0036A
_seg7_9                  text4        00359
btemp                    (abs)        0007E
end_of_initialization    cinit        007FD
intlevel0                functab      00000
intlevel1                functab      00000
intlevel2                functab      00000
intlevel3                functab      00000
intlevel4                functab      00000
intlevel5                functab      00000
light_left@a             cstackCOMMON 00070
light_right@a            cstackCOMMON 00070
lit@n                    cstackCOMMON 00070
lit_LED@n                cstackCOMMON 00077
ltemp                    (abs)        0007E
ltemp0                   (abs)        0007E
ltemp1                   (abs)        00082
ltemp2                   (abs)        00086
ltemp3                   (abs)        00080
main@cnt                 cstackBANK0  0005D
main@frag_SW2            cstackBANK0  00063
main@frag_SW3            cstackBANK0  00065
main@left                cstackBANK0  00061
main@right               cstackBANK0  0005F
reset_vec                reset_vec    00000
stackhi                  (abs)        021EF
stacklo                  (abs)        0204B
start                    init         00002
start_initialization     cinit        007EE
ttemp                    (abs)        0007E
ttemp0                   (abs)        0007E
ttemp1                   (abs)        00081
ttemp2                   (abs)        00084
ttemp3                   (abs)        00087
ttemp4                   (abs)        0007F
wtemp                    (abs)        0007E
wtemp0                   (abs)        0007E
wtemp1                   (abs)        00080
wtemp2                   (abs)        00082
wtemp3                   (abs)        00084
wtemp4                   (abs)        00086
wtemp5                   (abs)        00088
wtemp6                   (abs)        0007F


FUNCTION INFORMATION:

 *************** function _main *****************
 Defined at:
		line 22 in file "main.c"
 Parameters:    Size  Location     Type
		None
 Auto vars:     Size  Location     Type
  frag_SW3        2   69[BANK0 ] int 
  frag_SW2        2   67[BANK0 ] int 
  left            2   65[BANK0 ] int 
  right           2   63[BANK0 ] int 
  cnt             2   61[BANK0 ] int 
 Return value:  Size  Location     Type
                  1    wreg      void 
 Registers used:
		wreg, fsr0l, fsr0h, status,2, status,0, pclath, cstack
 Tracked objects:
		On entry : 
		On exit  : 
		Unchanged: 
 Data sizes:     COMMON   BANK0   BANK1   BANK2   BANK3   BANK4   BANK5   BANK6
      Params:         0       0       0       0       0       0       0       0
      Locals:         0      10       0       0       0       0       0       0
      Temps:          0       2       0       0       0       0       0       0
      Totals:         0      12       0       0       0       0       0       0
Total ram usage:       12 bytes
 Hardware stack levels required when called:    3
 This function calls:
		___awmod
		_dark
		_get_rand
		_init_LED
		_light_init
		_light_left
		_light_right
		_lit
		_lit_LED
 This function is called by:
		Startup code after reset
 This function uses a non-reentrant model


 *************** function _lit_LED *****************
 Defined at:
		line 21 in file "u_chi_ha_ra_LED.h"
 Parameters:    Size  Location     Type
  n               2    7[COMMON] const int 
 Auto vars:     Size  Location     Type
		None
 Return value:  Size  Location     Type
                  1    wreg      void 
 Registers used:
		wreg, fsr0l, fsr0h, status,2, status,0, pclath, cstack
 Tracked objects:
		On entry : 
		On exit  : 
		Unchanged: 
 Data sizes:     COMMON   BANK0   BANK1   BANK2   BANK3   BANK4   BANK5   BANK6
      Params:         2       0       0       0       0       0       0       0
      Locals:         0       0       0       0       0       0       0       0
      Temps:          0       0       0       0       0       0       0       0
      Totals:         2       0       0       0       0       0       0       0
Total ram usage:        2 bytes
 Hardware stack levels used:    1
 Hardware stack levels required when called:    1
 This function calls:
		_init_LED
 This function is called by:
		_main
 This function uses a non-reentrant model


 *************** function _init_LED *****************
 Defined at:
		line 10 in file "u_chi_ha_ra_LED.h"
 Parameters:    Size  Location     Type
		None
 Auto vars:     Size  Location     Type
		None
 Return value:  Size  Location     Type
                  1    wreg      void 
 Registers used:
		None
 Tracked objects:
		On entry : 
		On exit  : 
		Unchanged: 
 Data sizes:     COMMON   BANK0   BANK1   BANK2   BANK3   BANK4   BANK5   BANK6
      Params:         0       0       0       0       0       0       0       0
      Locals:         0       0       0       0       0       0       0       0
      Temps:          0       0       0       0       0       0       0       0
      Totals:         0       0       0       0       0       0       0       0
Total ram usage:        0 bytes
 Hardware stack levels used:    1
 This function calls:
		Nothing
 This function is called by:
		_lit_LED
		_main
 This function uses a non-reentrant model


 *************** function _lit *****************
 Defined at:
		line 112 in file "u_chi_ha_ra_7seg.h"
 Parameters:    Size  Location     Type
  n               2    0[COMMON] const int 
 Auto vars:     Size  Location     Type
		None
 Return value:  Size  Location     Type
                  1    wreg      void 
 Registers used:
		wreg, fsr0l, fsr0h, status,2, status,0, pclath, cstack
 Tracked objects:
		On entry : 
		On exit  : 
		Unchanged: 
 Data sizes:     COMMON   BANK0   BANK1   BANK2   BANK3   BANK4   BANK5   BANK6
      Params:         2       0       0       0       0       0       0       0
      Locals:         0       0       0       0       0       0       0       0
      Temps:          0       0       0       0       0       0       0       0
      Totals:         2       0       0       0       0       0       0       0
Total ram usage:        2 bytes
 Hardware stack levels used:    1
 Hardware stack levels required when called:    1
 This function calls:
		_dark
		_seg7_0
		_seg7_1
		_seg7_2
		_seg7_3
		_seg7_4
		_seg7_5
		_seg7_6
		_seg7_7
		_seg7_8
		_seg7_9
 This function is called by:
		_main
 This function uses a non-reentrant model


 *************** function _seg7_9 *****************
 Defined at:
		line 76 in file "u_chi_ha_ra_7seg.h"
 Parameters:    Size  Location     Type
		None
 Auto vars:     Size  Location     Type
		None
 Return value:  Size  Location     Type
                  1    wreg      void 
 Registers used:
		None
 Tracked objects:
		On entry : 
		On exit  : 
		Unchanged: 
 Data sizes:     COMMON   BANK0   BANK1   BANK2   BANK3   BANK4   BANK5   BANK6
      Params:         0       0       0       0       0       0       0       0
      Locals:         0       0       0       0       0       0       0       0
      Temps:          0       0       0       0       0       0       0       0
      Totals:         0       0       0       0       0       0       0       0
Total ram usage:        0 bytes
 Hardware stack levels used:    1
 This function calls:
		Nothing
 This function is called by:
		_lit
 This function uses a non-reentrant model


 *************** function _seg7_8 *****************
 Defined at:
		line 66 in file "u_chi_ha_ra_7seg.h"
 Parameters:    Size  Location     Type
		None
 Auto vars:     Size  Location     Type
		None
 Return value:  Size  Location     Type
                  1    wreg      void 
 Registers used:
		None
 Tracked objects:
		On entry : 
		On exit  : 
		Unchanged: 
 Data sizes:     COMMON   BANK0   BANK1   BANK2   BANK3   BANK4   BANK5   BANK6
      Params:         0       0       0       0       0       0       0       0
      Locals:         0       0       0       0       0       0       0       0
      Temps:          0       0       0       0       0       0       0       0
      Totals:         0       0       0       0       0       0       0       0
Total ram usage:        0 bytes
 Hardware stack levels used:    1
 This function calls:
		Nothing
 This function is called by:
		_lit
 This function uses a non-reentrant model


 *************** function _seg7_7 *****************
 Defined at:
		line 60 in file "u_chi_ha_ra_7seg.h"
 Parameters:    Size  Location     Type
		None
 Auto vars:     Size  Location     Type
		None
 Return value:  Size  Location     Type
                  1    wreg      void 
 Registers used:
		None
 Tracked objects:
		On entry : 
		On exit  : 
		Unchanged: 
 Data sizes:     COMMON   BANK0   BANK1   BANK2   BANK3   BANK4   BANK5   BANK6
      Params:         0       0       0       0       0       0       0       0
      Locals:         0       0       0       0       0       0       0       0
      Temps:          0       0       0       0       0       0       0       0
      Totals:         0       0       0       0       0       0       0       0
Total ram usage:        0 bytes
 Hardware stack levels used:    1
 This function calls:
		Nothing
 This function is called by:
		_lit
 This function uses a non-reentrant model


 *************** function _seg7_6 *****************
 Defined at:
		line 51 in file "u_chi_ha_ra_7seg.h"
 Parameters:    Size  Location     Type
		None
 Auto vars:     Size  Location     Type
		None
 Return value:  Size  Location     Type
                  1    wreg      void 
 Registers used:
		None
 Tracked objects:
		On entry : 
		On exit  : 
		Unchanged: 
 Data sizes:     COMMON   BANK0   BANK1   BANK2   BANK3   BANK4   BANK5   BANK6
      Params:         0       0       0       0       0       0       0       0
      Locals:         0       0       0       0       0       0       0       0
      Temps:          0       0       0       0       0       0       0       0
      Totals:         0       0       0       0       0       0       0       0
Total ram usage:        0 bytes
 Hardware stack levels used:    1
 This function calls:
		Nothing
 This function is called by:
		_lit
 This function uses a non-reentrant model


 *************** function _seg7_5 *****************
 Defined at:
		line 43 in file "u_chi_ha_ra_7seg.h"
 Parameters:    Size  Location     Type
		None
 Auto vars:     Size  Location     Type
		None
 Return value:  Size  Location     Type
                  1    wreg      void 
 Registers used:
		None
 Tracked objects:
		On entry : 
		On exit  : 
		Unchanged: 
 Data sizes:     COMMON   BANK0   BANK1   BANK2   BANK3   BANK4   BANK5   BANK6
      Params:         0       0       0       0       0       0       0       0
      Locals:         0       0       0       0       0       0       0       0
      Temps:          0       0       0       0       0       0       0       0
      Totals:         0       0       0       0       0       0       0       0
Total ram usage:        0 bytes
 Hardware stack levels used:    1
 This function calls:
		Nothing
 This function is called by:
		_lit
 This function uses a non-reentrant model


 *************** function _seg7_4 *****************
 Defined at:
		line 36 in file "u_chi_ha_ra_7seg.h"
 Parameters:    Size  Location     Type
		None
 Auto vars:     Size  Location     Type
		None
 Return value:  Size  Location     Type
                  1    wreg      void 
 Registers used:
		None
 Tracked objects:
		On entry : 
		On exit  : 
		Unchanged: 
 Data sizes:     COMMON   BANK0   BANK1   BANK2   BANK3   BANK4   BANK5   BANK6
      Params:         0       0       0       0       0       0       0       0
      Locals:         0       0       0       0       0       0       0       0
      Temps:          0       0       0       0       0       0       0       0
      Totals:         0       0       0       0       0       0       0       0
Total ram usage:        0 bytes
 Hardware stack levels used:    1
 This function calls:
		Nothing
 This function is called by:
		_lit
 This function uses a non-reentrant model


 *************** function _seg7_3 *****************
 Defined at:
		line 28 in file "u_chi_ha_ra_7seg.h"
 Parameters:    Size  Location     Type
		None
 Auto vars:     Size  Location     Type
		None
 Return value:  Size  Location     Type
                  1    wreg      void 
 Registers used:
		None
 Tracked objects:
		On entry : 
		On exit  : 
		Unchanged: 
 Data sizes:     COMMON   BANK0   BANK1   BANK2   BANK3   BANK4   BANK5   BANK6
      Params:         0       0       0       0       0       0       0       0
      Locals:         0       0       0       0       0       0       0       0
      Temps:          0       0       0       0       0       0       0       0
      Totals:         0       0       0       0       0       0       0       0
Total ram usage:        0 bytes
 Hardware stack levels used:    1
 This function calls:
		Nothing
 This function is called by:
		_lit
 This function uses a non-reentrant model


 *************** function _seg7_2 *****************
 Defined at:
		line 20 in file "u_chi_ha_ra_7seg.h"
 Parameters:    Size  Location     Type
		None
 Auto vars:     Size  Location     Type
		None
 Return value:  Size  Location     Type
                  1    wreg      void 
 Registers used:
		None
 Tracked objects:
		On entry : 
		On exit  : 
		Unchanged: 
 Data sizes:     COMMON   BANK0   BANK1   BANK2   BANK3   BANK4   BANK5   BANK6
      Params:         0       0       0       0       0       0       0       0
      Locals:         0       0       0       0       0       0       0       0
      Temps:          0       0       0       0       0       0       0       0
      Totals:         0       0       0       0       0       0       0       0
Total ram usage:        0 bytes
 Hardware stack levels used:    1
 This function calls:
		Nothing
 This function is called by:
		_lit
 This function uses a non-reentrant model


 *************** function _seg7_1 *****************
 Defined at:
		line 15 in file "u_chi_ha_ra_7seg.h"
 Parameters:    Size  Location     Type
		None
 Auto vars:     Size  Location     Type
		None
 Return value:  Size  Location     Type
                  1    wreg      void 
 Registers used:
		None
 Tracked objects:
		On entry : 
		On exit  : 
		Unchanged: 
 Data sizes:     COMMON   BANK0   BANK1   BANK2   BANK3   BANK4   BANK5   BANK6
      Params:         0       0       0       0       0       0       0       0
      Locals:         0       0       0       0       0       0       0       0
      Temps:          0       0       0       0       0       0       0       0
      Totals:         0       0       0       0       0       0       0       0
Total ram usage:        0 bytes
 Hardware stack levels used:    1
 This function calls:
		Nothing
 This function is called by:
		_lit
 This function uses a non-reentrant model


 *************** function _seg7_0 *****************
 Defined at:
		line 85 in file "u_chi_ha_ra_7seg.h"
 Parameters:    Size  Location     Type
		None
 Auto vars:     Size  Location     Type
		None
 Return value:  Size  Location     Type
                  1    wreg      void 
 Registers used:
		None
 Tracked objects:
		On entry : 
		On exit  : 
		Unchanged: 
 Data sizes:     COMMON   BANK0   BANK1   BANK2   BANK3   BANK4   BANK5   BANK6
      Params:         0       0       0       0       0       0       0       0
      Locals:         0       0       0       0       0       0       0       0
      Temps:          0       0       0       0       0       0       0       0
      Totals:         0       0       0       0       0       0       0       0
Total ram usage:        0 bytes
 Hardware stack levels used:    1
 This function calls:
		Nothing
 This function is called by:
		_lit
 This function uses a non-reentrant model


 *************** function _light_init *****************
 Defined at:
		line 149 in file "u_chi_ha_ra_7seg.h"
 Parameters:    Size  Location     Type
		None
 Auto vars:     Size  Location     Type
		None
 Return value:  Size  Location     Type
                  1    wreg      void 
 Registers used:
		wreg, status,2, status,0, pclath, cstack
 Tracked objects:
		On entry : 
		On exit  : 
		Unchanged: 
 Data sizes:     COMMON   BANK0   BANK1   BANK2   BANK3   BANK4   BANK5   BANK6
      Params:         0       0       0       0       0       0       0       0
      Locals:         0       0       0       0       0       0       0       0
      Temps:          0       0       0       0       0       0       0       0
      Totals:         0       0       0       0       0       0       0       0
Total ram usage:        0 bytes
 Hardware stack levels used:    1
 Hardware stack levels required when called:    1
 This function calls:
		_dark
		_light_left
		_light_right
 This function is called by:
		_main
 This function uses a non-reentrant model


 *************** function _light_right *****************
 Defined at:
		line 94 in file "u_chi_ha_ra_7seg.h"
 Parameters:    Size  Location     Type
  a               2    0[COMMON] const int 
 Auto vars:     Size  Location     Type
		None
 Return value:  Size  Location     Type
                  1    wreg      void 
 Registers used:
		None
 Tracked objects:
		On entry : 
		On exit  : 
		Unchanged: 
 Data sizes:     COMMON   BANK0   BANK1   BANK2   BANK3   BANK4   BANK5   BANK6
      Params:         2       0       0       0       0       0       0       0
      Locals:         0       0       0       0       0       0       0       0
      Temps:          0       0       0       0       0       0       0       0
      Totals:         2       0       0       0       0       0       0       0
Total ram usage:        2 bytes
 Hardware stack levels used:    1
 This function calls:
		Nothing
 This function is called by:
		_light_init
		_main
 This function uses a non-reentrant model


 *************** function _light_left *****************
 Defined at:
		line 98 in file "u_chi_ha_ra_7seg.h"
 Parameters:    Size  Location     Type
  a               2    0[COMMON] const int 
 Auto vars:     Size  Location     Type
		None
 Return value:  Size  Location     Type
                  1    wreg      void 
 Registers used:
		None
 Tracked objects:
		On entry : 
		On exit  : 
		Unchanged: 
 Data sizes:     COMMON   BANK0   BANK1   BANK2   BANK3   BANK4   BANK5   BANK6
      Params:         2       0       0       0       0       0       0       0
      Locals:         0       0       0       0       0       0       0       0
      Temps:          0       0       0       0       0       0       0       0
      Totals:         2       0       0       0       0       0       0       0
Total ram usage:        2 bytes
 Hardware stack levels used:    1
 This function calls:
		Nothing
 This function is called by:
		_light_init
		_main
 This function uses a non-reentrant model


 *************** function _dark *****************
 Defined at:
		line 102 in file "u_chi_ha_ra_7seg.h"
 Parameters:    Size  Location     Type
		None
 Auto vars:     Size  Location     Type
		None
 Return value:  Size  Location     Type
                  1    wreg      void 
 Registers used:
		None
 Tracked objects:
		On entry : 
		On exit  : 
		Unchanged: 
 Data sizes:     COMMON   BANK0   BANK1   BANK2   BANK3   BANK4   BANK5   BANK6
      Params:         0       0       0       0       0       0       0       0
      Locals:         0       0       0       0       0       0       0       0
      Temps:          0       0       0       0       0       0       0       0
      Totals:         0       0       0       0       0       0       0       0
Total ram usage:        0 bytes
 Hardware stack levels used:    1
 This function calls:
		Nothing
 This function is called by:
		_lit
		_light_init
		_main
 This function uses a non-reentrant model


 *************** function _get_rand *****************
 Defined at:
		line 18 in file "main.c"
 Parameters:    Size  Location     Type
		None
 Auto vars:     Size  Location     Type
		None
 Return value:  Size  Location     Type
                  2   57[BANK0 ] int 
 Registers used:
		wreg, status,2, status,0, pclath, cstack
 Tracked objects:
		On entry : 
		On exit  : 
		Unchanged: 
 Data sizes:     COMMON   BANK0   BANK1   BANK2   BANK3   BANK4   BANK5   BANK6
      Params:         0       2       0       0       0       0       0       0
      Locals:         0       0       0       0       0       0       0       0
      Temps:          0       0       0       0       0       0       0       0
      Totals:         0       2       0       0       0       0       0       0
Total ram usage:        2 bytes
 Hardware stack levels used:    1
 Hardware stack levels required when called:    2
 This function calls:
		___awtoft
		___ftdiv
		___ftmul
		___fttol
		_rand
 This function is called by:
		_main
 This function uses a non-reentrant model


 *************** function _rand *****************
 Defined at:
		line 12 in file "C:\Program Files (x86)\Microchip\xc8\v1.38\sources\common\rand.c"
 Parameters:    Size  Location     Type
		None
 Auto vars:     Size  Location     Type
		None
 Return value:  Size  Location     Type
                  2   12[COMMON] int 
 Registers used:
		wreg, status,2, status,0, pclath, cstack
 Tracked objects:
		On entry : 
		On exit  : 
		Unchanged: 
 Data sizes:     COMMON   BANK0   BANK1   BANK2   BANK3   BANK4   BANK5   BANK6
      Params:         2       0       0       0       0       0       0       0
      Locals:         0       0       0       0       0       0       0       0
      Temps:          0       5       0       0       0       0       0       0
      Totals:         2       5       0       0       0       0       0       0
Total ram usage:        7 bytes
 Hardware stack levels used:    1
 Hardware stack levels required when called:    1
 This function calls:
		___lmul
 This function is called by:
		_get_rand
 This function uses a non-reentrant model


 *************** function ___lmul *****************
 Defined at:
		line 15 in file "C:\Program Files (x86)\Microchip\xc8\v1.38\sources\common\Umul32.c"
 Parameters:    Size  Location     Type
  multiplier      4    0[COMMON] unsigned long 
  multiplicand    4    4[COMMON] unsigned long 
 Auto vars:     Size  Location     Type
  product         4    8[COMMON] unsigned long 
 Return value:  Size  Location     Type
                  4    0[COMMON] unsigned long 
 Registers used:
		wreg, status,2, status,0
 Tracked objects:
		On entry : 
		On exit  : 
		Unchanged: 
 Data sizes:     COMMON   BANK0   BANK1   BANK2   BANK3   BANK4   BANK5   BANK6
      Params:         8       0       0       0       0       0       0       0
      Locals:         4       0       0       0       0       0       0       0
      Temps:          0       0       0       0       0       0       0       0
      Totals:        12       0       0       0       0       0       0       0
Total ram usage:       12 bytes
 Hardware stack levels used:    1
 This function calls:
		Nothing
 This function is called by:
		_rand
 This function uses a non-reentrant model


 *************** function ___fttol *****************
 Defined at:
		line 44 in file "C:\Program Files (x86)\Microchip\xc8\v1.38\sources\common\fttol.c"
 Parameters:    Size  Location     Type
  f1              3   43[BANK0 ] float 
 Auto vars:     Size  Location     Type
  lval            4   52[BANK0 ] unsigned long 
  exp1            1   56[BANK0 ] unsigned char 
  sign1           1   51[BANK0 ] unsigned char 
 Return value:  Size  Location     Type
                  4   43[BANK0 ] long 
 Registers used:
		wreg, status,2, status,0
 Tracked objects:
		On entry : 
		On exit  : 
		Unchanged: 
 Data sizes:     COMMON   BANK0   BANK1   BANK2   BANK3   BANK4   BANK5   BANK6
      Params:         0       4       0       0       0       0       0       0
      Locals:         0       6       0       0       0       0       0       0
      Temps:          0       4       0       0       0       0       0       0
      Totals:         0      14       0       0       0       0       0       0
Total ram usage:       14 bytes
 Hardware stack levels used:    1
 This function calls:
		Nothing
 This function is called by:
		_get_rand
 This function uses a non-reentrant model


 *************** function ___ftmul *****************
 Defined at:
		line 62 in file "C:\Program Files (x86)\Microchip\xc8\v1.38\sources\common\ftmul.c"
 Parameters:    Size  Location     Type
  f1              3   11[BANK0 ] float 
  f2              3   14[BANK0 ] float 
 Auto vars:     Size  Location     Type
  f3_as_produc    3   22[BANK0 ] unsigned um
  sign            1   26[BANK0 ] unsigned char 
  cntr            1   25[BANK0 ] unsigned char 
  exp             1   21[BANK0 ] unsigned char 
 Return value:  Size  Location     Type
                  3   11[BANK0 ] float 
 Registers used:
		wreg, status,2, status,0, pclath, cstack
 Tracked objects:
		On entry : 
		On exit  : 
		Unchanged: 
 Data sizes:     COMMON   BANK0   BANK1   BANK2   BANK3   BANK4   BANK5   BANK6
      Params:         0       6       0       0       0       0       0       0
      Locals:         0       6       0       0       0       0       0       0
      Temps:          0       4       0       0       0       0       0       0
      Totals:         0      16       0       0       0       0       0       0
Total ram usage:       16 bytes
 Hardware stack levels used:    1
 Hardware stack levels required when called:    1
 This function calls:
		___ftpack
 This function is called by:
		_get_rand
 This function uses a non-reentrant model


 *************** function ___ftdiv *****************
 Defined at:
		line 56 in file "C:\Program Files (x86)\Microchip\xc8\v1.38\sources\common\ftdiv.c"
 Parameters:    Size  Location     Type
  f2              3   27[BANK0 ] float 
  f1              3   30[BANK0 ] float 
 Auto vars:     Size  Location     Type
  f3              3   38[BANK0 ] float 
  sign            1   42[BANK0 ] unsigned char 
  exp             1   41[BANK0 ] unsigned char 
  cntr            1   37[BANK0 ] unsigned char 
 Return value:  Size  Location     Type
                  3   27[BANK0 ] float 
 Registers used:
		wreg, status,2, status,0, pclath, cstack
 Tracked objects:
		On entry : 
		On exit  : 
		Unchanged: 
 Data sizes:     COMMON   BANK0   BANK1   BANK2   BANK3   BANK4   BANK5   BANK6
      Params:         0       6       0       0       0       0       0       0
      Locals:         0       6       0       0       0       0       0       0
      Temps:          0       4       0       0       0       0       0       0
      Totals:         0      16       0       0       0       0       0       0
Total ram usage:       16 bytes
 Hardware stack levels used:    1
 Hardware stack levels required when called:    1
 This function calls:
		___ftpack
 This function is called by:
		_get_rand
 This function uses a non-reentrant model


 *************** function ___awtoft *****************
 Defined at:
		line 32 in file "C:\Program Files (x86)\Microchip\xc8\v1.38\sources\common\awtoft.c"
 Parameters:    Size  Location     Type
  c               2    5[BANK0 ] int 
 Auto vars:     Size  Location     Type
  sign            1   10[BANK0 ] unsigned char 
 Return value:  Size  Location     Type
                  3    5[BANK0 ] float 
 Registers used:
		wreg, status,2, status,0, pclath, cstack
 Tracked objects:
		On entry : 
		On exit  : 
		Unchanged: 
 Data sizes:     COMMON   BANK0   BANK1   BANK2   BANK3   BANK4   BANK5   BANK6
      Params:         0       3       0       0       0       0       0       0
      Locals:         0       1       0       0       0       0       0       0
      Temps:          0       2       0       0       0       0       0       0
      Totals:         0       6       0       0       0       0       0       0
Total ram usage:        6 bytes
 Hardware stack levels used:    1
 Hardware stack levels required when called:    1
 This function calls:
		___ftpack
 This function is called by:
		_get_rand
 This function uses a non-reentrant model


 *************** function ___ftpack *****************
 Defined at:
		line 62 in file "C:\Program Files (x86)\Microchip\xc8\v1.38\sources\common\float.c"
 Parameters:    Size  Location     Type
  arg             3    0[COMMON] unsigned um
  exp             1    3[COMMON] unsigned char 
  sign            1    4[COMMON] unsigned char 
 Auto vars:     Size  Location     Type
		None
 Return value:  Size  Location     Type
                  3    0[COMMON] float 
 Registers used:
		wreg, status,2, status,0
 Tracked objects:
		On entry : 
		On exit  : 
		Unchanged: 
 Data sizes:     COMMON   BANK0   BANK1   BANK2   BANK3   BANK4   BANK5   BANK6
      Params:         5       0       0       0       0       0       0       0
      Locals:         0       0       0       0       0       0       0       0
      Temps:          3       0       0       0       0       0       0       0
      Totals:         8       0       0       0       0       0       0       0
Total ram usage:        8 bytes
 Hardware stack levels used:    1
 This function calls:
		Nothing
 This function is called by:
		___awtoft
		___ftdiv
		___ftmul
 This function uses a non-reentrant model


 *************** function ___awmod *****************
 Defined at:
		line 6 in file "C:\Program Files (x86)\Microchip\xc8\v1.38\sources\common\awmod.c"
 Parameters:    Size  Location     Type
  divisor         2    0[COMMON] int 
  dividend        2    2[COMMON] int 
 Auto vars:     Size  Location     Type
  sign            1    6[COMMON] unsigned char 
  counter         1    5[COMMON] unsigned char 
 Return value:  Size  Location     Type
                  2    0[COMMON] int 
 Registers used:
		wreg, status,2, status,0
 Tracked objects:
		On entry : 
		On exit  : 
		Unchanged: 
 Data sizes:     COMMON   BANK0   BANK1   BANK2   BANK3   BANK4   BANK5   BANK6
      Params:         4       0       0       0       0       0       0       0
      Locals:         2       0       0       0       0       0       0       0
      Temps:          1       0       0       0       0       0       0       0
      Totals:         7       0       0       0       0       0       0       0
Total ram usage:        7 bytes
 Hardware stack levels used:    1
 This function calls:
		Nothing
 This function is called by:
		_main
 This function uses a non-reentrant model



MODULE INFORMATION

Module		Function		Class		Link	Load	Size
C:\Program Files (x86)\Microchip\xc8\v1.38\sources\common\float.c
		___ftpack      		CODE           	04F9	0000	101

C:\Program Files (x86)\Microchip\xc8\v1.38\sources\common\float.c estimated size: 101

C:\Program Files (x86)\Microchip\xc8\v1.38\sources\common\awmod.c
		___awmod       		CODE           	04B4	0000	70

C:\Program Files (x86)\Microchip\xc8\v1.38\sources\common\awmod.c estimated size: 70

C:\Program Files (x86)\Microchip\xc8\v1.38\sources\common\rand.c
		_rand          		CODE           	0478	0000	61

C:\Program Files (x86)\Microchip\xc8\v1.38\sources\common\rand.c estimated size: 61

C:\Program Files (x86)\Microchip\xc8\v1.38\sources\common\ftmul.c
		___ftmul       		CODE           	073A	0000	181

C:\Program Files (x86)\Microchip\xc8\v1.38\sources\common\ftmul.c estimated size: 181

C:\Program Files (x86)\Microchip\xc8\v1.38\sources\common\ftdiv.c
		___ftdiv       		CODE           	05E4	0000	170

C:\Program Files (x86)\Microchip\xc8\v1.38\sources\common\ftdiv.c estimated size: 170

C:\Program Files (x86)\Microchip\xc8\v1.38\sources\common\Umul32.c
		___lmul        		CODE           	03AE	0000	48

C:\Program Files (x86)\Microchip\xc8\v1.38\sources\common\Umul32.c estimated size: 48

u_chi_ha_ra_7seg.h
		_seg7_2        		CODE           	0324	0000	8
		_seg7_5        		CODE           	0332	0000	8
		_seg7_8        		CODE           	036A	0000	10
		_dark          		CODE           	0361	0000	10
		_lit           		CODE           	040C	0000	51
		_seg7_0        		CODE           	0349	0000	9
		_seg7_3        		CODE           	032B	0000	8
		_seg7_6        		CODE           	0351	0000	9
		_seg7_9        		CODE           	0359	0000	9
		_light_init    		CODE           	037D	0000	16
		_light_left    		CODE           	0339	0000	9
		_seg7_1        		CODE           	0311	0000	5
		_seg7_4        		CODE           	031E	0000	7
		_seg7_7        		CODE           	0319	0000	6
		_light_right   		CODE           	0341	0000	9

u_chi_ha_ra_7seg.h estimated size: 174

C:\Program Files (x86)\Microchip\xc8\v1.38\sources\common\fttol.c
		___fttol       		CODE           	055D	0000	136

C:\Program Files (x86)\Microchip\xc8\v1.38\sources\common\fttol.c estimated size: 136

shared
		__initialization		CODE           	07EE	0000	16

shared estimated size: 16

C:\Program Files (x86)\Microchip\xc8\v1.38\sources\common\awtoft.c
		___awtoft      		CODE           	038C	0000	35

C:\Program Files (x86)\Microchip\xc8\v1.38\sources\common\awtoft.c estimated size: 35

main.c
		_get_rand      		CODE           	043E	0000	59
		_main          		CODE           	068D	0000	174

main.c estimated size: 233

u_chi_ha_ra_LED.h
		_init_LED      		CODE           	0373	0000	11
		_lit_LED       		CODE           	03DD	0000	48

u_chi_ha_ra_LED.h estimated size: 59

